
Running 76 tests using 4 workers

